---
source: src/component/pane_layout/tests.rs
assertion_line: 743
expression: display
---
┌ A ───────────────┐┌ B ───────────────┐┌ C ───────────────┐
│                  ││                  ││                  │
│                  ││                  ││                  │
│                  ││                  ││                  │
│                  ││                  ││                  │
│                  ││                  ││                  │
│                  ││                  ││                  │
│                  ││                  ││                  │
│                  ││                  ││                  │
└──────────────────┘└──────────────────┘└──────────────────┘
