---
source: src/component/dropdown/tests.rs
expression: terminal.backend().to_string()
---
┌────────────────────────────┐
│█ ▲                         │
└────────────────────────────┘
┌────────────────────────────┐
│  Apple                     │
│> Banana                    │
│  Cherry                    │
│                            │
│                            │
│                            │
│                            │
│                            │
│                            │
│                            │
└────────────────────────────┘
