---
source: src/component/heatmap/snapshot_tests.rs
expression: terminal.backend().to_string()
---
┌Schedule────────────────────────────────────────┐
│         Mon            Tue            Wed      │
│AM                                              │
│PM                                              │
│                                                │
│                                                │
│                                                │
│                                                │
│                                                │
└────────────────────────────────────────────────┘
