---
source: src/component/heatmap/snapshot_tests.rs
expression: terminal.backend().to_string()
---
┌Values────────────────────────────────┐
│        1.5                2.7        │
│        3.1                4.9        │
│                                      │
│                                      │
│                                      │
│                                      │
│                                      │
│                                      │
└──────────────────────────────────────┘
