---
source: src/component/status_log/tests.rs
expression: terminal.backend().to_string()
---
┌──────────────────────────────────────┐
│                                      │
│                                      │
│                                      │
│                                      │
│                                      │
│                                      │
│                                      │
│                                      │
└──────────────────────────────────────┘
