---
source: src/component/status_log/tests.rs
expression: terminal.backend().to_string()
---
┌──────────────────────────────────────────────────────────┐
│ℹ [12:34] Message                                         │
│                                                          │
│                                                          │
│                                                          │
│                                                          │
│                                                          │
│                                                          │
│                                                          │
└──────────────────────────────────────────────────────────┘
