---
source: src/component/status_log/tests.rs
expression: terminal.backend().to_string()
---
┌──────────────────────────────────────┐
│⚠ High memory usage                   │
│✓ Connection established              │
│ℹ Server started                      │
│                                      │
│                                      │
│                                      │
│                                      │
│                                      │
└──────────────────────────────────────┘
