---
source: src/component/tooltip/tests.rs
expression: terminal.backend().to_string()
---
                                                                                
                                                                                
                                                                                
                                                                                
                                                                                
                                                                                
                                                                                
                                                                                
          ┌───────────────┐                                                     
          │Helpful tooltip│                                                     
          └───────────────┘
