---
source: src/component/markdown_renderer/tests.rs
expression: terminal.backend().to_string()
---
┌──────────────────────────────────────┐
│                                      │
│                                      │
│                                      │
│                                      │
│                                      │
│                                      │
│                                      │
│                                      │
└──────────────────────────────────────┘
