---
source: src/component/big_text/tests.rs
expression: terminal.backend().to_string()
---
                                                            
           █▀█ ▀█  ▀▀█ ▀▀█ █ █ █▀▀ █▀▀ ▀▀█ █▀█ █▀█          
           █ █  █  █▀▀  ▀█ ▀▀█ ▀▀█ █▀█   █ █▀█ ▀▀█          
           ▀▀▀ ▀▀▀ ▀▀▀ ▀▀▀   ▀ ▀▀▀ ▀▀▀   ▀ ▀▀▀ ▀▀▀
