---
source: src/component/toast/tests.rs
expression: terminal.backend().to_string()
---
                                                                                
                                                                                
                                                                                
                                                                                
                                                                                
                                                                                
                                                                                
                                                                                
                                                                                
                                                                                
                                                                                
                                                                                
                                                                                
                                                                                
                                                                                
                                                                                
                                                                                
                                                                                
                                        ┌──────────────────────────────────────┐
                                        │[i] Message 2                         │
                                        └──────────────────────────────────────┘
                                        ┌──────────────────────────────────────┐
                                        │[i] Message 3                         │
                                        └──────────────────────────────────────┘
