---
source: src/component/toast/tests.rs
expression: terminal.backend().to_string()
---
                                                                                
                                                                                
                                                                                
                                                                                
                                                                                
                                                                                
                                                                                
                                                                                
                                                                                
                                                                                
                                                                                
                                                                                
                                                                                
                                                                                
                                                                                
                                                                                
                                                                                
                                                                                
                                                                                
                                                                                
                                                                                
                                        ┌──────────────────────────────────────┐
                                        │[x] Error message                     │
                                        └──────────────────────────────────────┘
