---
source: src/component/flame_graph/snapshot_tests.rs
expression: terminal.backend().to_string()
---
┌ Flame Graph ─────────────────────────────────────────────┐
│ main()███████████████████████████████████████████████████│
│ compute()████████████████████████                        │
│                                                          │
│                                                          │
│──────────────────────────────────────────────────────────│
│ Selected: main()  500 samples (100.0%)  self: 200        │
└──────────────────────────────────────────────────────────┘
