---
source: src/component/flame_graph/snapshot_tests.rs
expression: terminal.backend().to_string()
---
┌ Flame Graph ─────────────────────────────────────────────┐
│ main()███████████████████████████████████████████████████│
│ compute()████████████████████████ io()██████             │
│                                                          │
│                                                          │
│──────────────────────────────────────────────────────────│
│ Selected: compute()  300 samples (60.0%)  self: 300      │
└──────────────────────────────────────────────────────────┘
