---
source: src/component/flame_graph/snapshot_tests.rs
expression: terminal.backend().to_string()
---
┌ Flame Graph ─────────────────────────────────────────────┐
│ compute()████████████████████████████████████████████████│
│ sort()██████████████████████ hash()████████████          │
│                                                          │
│                                                          │
│──────────────────────────────────────────────────────────│
│ Selected: compute()  300 samples (100.0%)  self: 50      │
└──────────────────────────────────────────────────────────┘
