---
source: src/component/text_area/tests.rs
expression: terminal.backend().to_string()
---
┌──────────────────────────────────────┐
│Hello                                 │
│                                      │
│                                      │
│                                      │
│                                      │
│                                      │
│                                      │
│                                      │
└──────────────────────────────────────┘
