---
source: src/component/loading_list/tests.rs
expression: terminal.backend().to_string()
---
┌──────────────────────────────────────────────────────────┐
│▸ Item One                                                │
│  Item Two                                                │
│  Item Three                                              │
│                                                          │
│                                                          │
│                                                          │
│                                                          │
│                                                          │
└──────────────────────────────────────────────────────────┘
