---
source: src/component/dependency_graph/snapshot_tests.rs
assertion_line: 45
expression: terminal.backend().to_string()
---
┌ Service Topology ────────────────────────────────────────────────────────────┐
│                                                                              │
│                                                                              │
│                                        ┌ Database ─────────────────────────┐ │
│                                        │▲ Degraded                         │ │
│                                        └───────────────────────────────────┘ │
│ ┌ API ──────────────────────────────┐  │                                     │
│ │● Healthy                          │──┐                                     │
│ └───────────────────────────────────┘  │                                     │
│                                        │                                     │
│                                        ┌ Cache ────────────────────────────┐ │
│                                        │● Healthy                          │ │
│                                        └───────────────────────────────────┘ │
│                                                                              │
│                                                                              │
└──────────────────────────────────────────────────────────────────────────────┘
