---
source: src/component/dependency_graph/snapshot_tests.rs
assertion_line: 63
expression: terminal.backend().to_string()
---
┌ Service Topology ────────────────────────────────────────────────────────────┐
│                                                                              │
│                                                                              │
│                                                                              │
│ ┌ API ──────────────────────────────┐  ┌ Database ─────────────────────────┐ │
│ │● Healthy                          │──│▲ Degraded                         │ │
│ └───────────────────────────────────┘  └───────────────────────────────────┘ │
│                                                                              │
│                                                                              │
│                                                                              │
│                                                                              │
└──────────────────────────────────────────────────────────────────────────────┘
