---
source: src/component/dependency_graph/snapshot_tests.rs
assertion_line: 83
expression: terminal.backend().to_string()
---
┌ All Statuses ────────────────────────────────────────────────────────────────┐
│                                                                              │
│                                                                              │
│                                                     ┌ Database ────────────┐ │
│                                                     │✖ Down                │ │
│                                                     └──────────────────────┘ │
│ ┌ Frontend ────────────┐  ┌ Backend ─────────────┐  │                        │
│ │● Healthy             │──│▲ Degraded            │──┐                        │
│ └──────────────────────┘  └──────────────────────┘  │                        │
│                                                     │                        │
│                                                     ┌ Cache ───────────────┐ │
│                                                     │? Unknown             │ │
│                                                     └──────────────────────┘ │
│                                                                              │
│                                                                              │
└──────────────────────────────────────────────────────────────────────────────┘
