---
source: src/component/dependency_graph/snapshot_tests.rs
assertion_line: 27
expression: terminal.backend().to_string()
---
┌ Service Graph ───────────────────────────────────────────┐
│                                                          │
│                                                          │
│ ┌ API Gateway ─────────────────────────────────────────┐ │
│ │● Healthy                                             │ │
│ └──────────────────────────────────────────────────────┘ │
│                                                          │
│                                                          │
│                                                          │
└──────────────────────────────────────────────────────────┘
