---
source: src/component/dialog/tests.rs
expression: terminal.backend().to_string()
---
                                                                                
                                                                                
                                                                                
                                                                                
                                                                                
                                                                                
                                                                                
                                                                                
                                                                                
                ┌ Title ───────────────────────────────────────┐                
                │This is the message content.                  │                
                │                    ┌────┐                    │                
                │                    │ OK │                    │                
                │                    └────┘                    │                
                └──────────────────────────────────────────────┘
