---
source: src/component/dialog/tests.rs
expression: terminal.backend().to_string()
---
                                                                                
                                                                                
                                                                                
                                                                                
                                                                                
                                                                                
                                                                                
                                                                                
                                                                                
                ┌ Test Title ──────────────────────────────────┐                
                │Test message content.                         │                
                │                    ┌────┐                    │                
                │                    │ OK │                    │                
                │                    └────┘                    │                
                └──────────────────────────────────────────────┘
