---
source: src/component/dialog/tests.rs
expression: terminal.backend().to_string()
---
                                                                                
                                                                                
                                                                                
                                                                                
                                                                                
                                                                                
                                                                                
                                                                                
                ┌ Title ───────────────────────────────────────┐                
                │Line 1                                        │                
                │Line 2                                        │                
                │Line 3                                        │                
                │                    ┌────┐                    │                
                │                    │ OK │                    │                
                │                    └────┘                    │                
                └──────────────────────────────────────────────┘
