---
source: src/component/styled_text/tests.rs
assertion_line: 534
expression: display
---
┌────────────────────────────────────────────────┐
│Items                                           │
│  * First item                                  │
│  * Second item                                 │
│  * Bold item                                   │
│                                                │
│                                                │
└────────────────────────────────────────────────┘
