---
source: src/component/styled_text/tests.rs
assertion_line: 608
expression: display
---
┌My Title──────────────────────────────┐
│Content                               │
│                                      │
│                                      │
│                                      │
└──────────────────────────────────────┘
