---
source: src/component/table/tests.rs
expression: terminal.backend().to_string()
---
┌──────────────────────────────────────┐
│Name       Value                      │
│                                      │
│                                      │
│                                      │
│                                      │
│                                      │
│                                      │
│                                      │
└──────────────────────────────────────┘
