---
source: src/component/table/view_tests.rs
expression: plain
---
┌──────────────────────────────────────┐
│S        E        M                   │
│                                      │
│ok       fail     idle                │
│                                      │
│                                      │
│                                      │
│                                      │
│                                      │
└──────────────────────────────────────┘
