---
source: src/component/table/view_tests.rs
expression: terminal.backend().to_string()
---
┌──────────────────────────────────────┐
│  Name       Value                    │
│                                      │
│> Alice      10                       │
│  Bob        20                       │
│  Carol      30                       │
│                                      │
│                                      │
│                                      │
└──────────────────────────────────────┘
