---
source: src/component/table/view_tests.rs
expression: plain
---
┌──────────────────────────────────────┐
│Name       Value                      │
│                                      │
│alpha      beta                       │
│                                      │
│                                      │
│                                      │
│                                      │
│                                      │
└──────────────────────────────────────┘
