---
source: src/component/diff_viewer/tests.rs
expression: terminal.backend().to_string()
---
┌ Diff ──────────────────────────────────────────┐
│                                                │
│                                                │
│                                                │
│                                                │
│                                                │
│                                                │
│                                                │
│                                                │
└────────────────────────────────────────────────┘
