---
source: src/component/metrics_dashboard/snapshot_tests.rs
assertion_line: 67
expression: terminal.backend().to_string()
---
┌Requests─────────────────┐┌CPU %───────────────────┐┌API──────────────────────┐
│           42            ││         75/100         ││           UP            │
│                         ││                        ││                         │
│                         ││                        ││                         │
│                         ││                        ││                         │
│                         ││                        ││                         │
│                         ││                        ││                         │
│                         ││                        ││                         │
│                         ││                        ││                         │
│                         ││                        ││                         │
│                         ││                        ││                         │
│                         ││                        ││                         │
└─────────────────────────┘└────────────────────────┘└─────────────────────────┘
┌Errors───────────────────┐┌Memory──────────────────┐┌Version──────────────────┐
│            3            ││        512/1024        ││          1.2.3          │
│                         ││                        ││                         │
│                         ││                        ││                         │
│                         ││                        ││                         │
│                         ││                        ││                         │
│                         ││                        ││                         │
│                         ││                        ││                         │
│                         ││                        ││                         │
│                         ││                        ││                         │
│                         ││                        ││                         │
└─────────────────────────┘└────────────────────────┘└─────────────────────────┘
