---
source: src/component/metrics_dashboard/snapshot_tests.rs
assertion_line: 108
expression: terminal.backend().to_string()
---
┌Requests──────────────────────────────┐┌CPU %─────────────────────────────────┐
│70                                    ││84/100                                │
│       █                              ││       █                              │
│       █                              ││       █                              │
│       █                              ││       █                              │
│      ▆█                              ││      ▆█                              │
│      ██                              ││      ██                              │
│      ██                              ││      ██                              │
│     ▅██                              ││     ▅██                              │
│     ███                              ││     ███                              │
│     ███                              ││     ███                              │
│    ▄███                              ││    ▄███                              │
│    ████                              ││    ████                              │
│    ████                              ││    ████                              │
│   ▃████                              ││   ▃████                              │
│   █████                              ││   █████                              │
│   █████                              ││   █████                              │
│  ▂█████                              ││  ▂█████                              │
│  ██████                              ││  ██████                              │
│  ██████                              ││  ██████                              │
│ ▁██████                              ││ ▁██████                              │
│ ███████                              ││ ███████                              │
│ ███████                              ││ ███████                              │
│ ███████                              ││ ███████                              │
└──────────────────────────────────────┘└──────────────────────────────────────┘
