---
source: src/component/canvas/tests.rs
assertion_line: 597
expression: terminal.backend().to_string()
---
┌Shapes────────────────────────────────────────────────────┐
│                                                       ⡠⠔⠊│
│                                                   ⢀⡠⠔⠉   │
│                                    ⣀⣀⡤⠤⠤⠤⣄⣀⡀   ⢀⠤⠒⠁      │
│                                ⢀⡤⠚⠉        ⠈⣙⠦⣎⠁         │
│                               ⢠⠏         ⣀⠔⠊  ⠈⢧         │
│                               ⢸      ⢀⡠⠔⠉      ⢸         │
│                               ⠈⠣⡀ ⢀⡠⠒⠁        ⡠⠋         │
│                                ⣀⠬⠛⠧⢤⣀⣀⣀⣀⣀⣀⣠⠤⠖⠋           │
│                             ⣀⠔⠊                          │
│                          ⡠⠔⠉                             │
│     ⢠⠤⠤⠤⠤⠤⠤⠤⠤⠤⠤⠤⠤⠤⠤⠤⠤⢤⡤⠒⠉                                │
│     ⢸             ⢀⠤⠊⠁⡇                                  │
│     ⢸          ⣀⠔⠊⠁   ⡇                                  │
│     ⢸       ⡠⠔⠉       ⡇                                  │
│     ⢸   ⢀⡠⠒⠉          ⡇                                  │
│     ⢸⣀⣤⣒⣁⣀⣀⣀⣀⣀⣀⣀⣀⣀⣀⣀⣀⣀⡇                                  │
│   ⣀⠔⠊⠁                                                   │
│⡠⠔⠊                                                       │
└──────────────────────────────────────────────────────────┘
