---
source: src/component/canvas/tests.rs
assertion_line: 692
expression: terminal.backend().to_string()
---
┌Labels────────────────────────────────┐
│                                      │
│                                      │
│                                      │
│                                      │
│                                      │
│                                      │
│                  Hello               │
│                                      │
│                                      │
│                                      │
│                                      │
│                                      │
│                                      │
└──────────────────────────────────────┘
