---
source: src/component/box_plot/tests.rs
expression: terminal.backend().to_string()
---
┌With Outliers─────────────────────────┐
│                   *                  │
│                                      │
│                   *                  │
│                                      │
│                                      │
│                  ---                 │
│                   |                  │
│                  ---                 │
│                  | |                 │
│                  ===                 │
│                  | |                 │
│                  ---                 │
│                   |                  │
│                   |                  │
│                  ---                 │
│                                      │
│                   *                  │
│               Response               │
└──────────────────────────────────────┘
