---
source: src/component/multi_progress/snapshot_tests.rs
expression: terminal.backend().to_string()
---
┌Progress────────────────────────────────────────┐
│● Build  50% ███████████████░░░░░░░░░░░░░░░░    │
│● Test  25% ████████░░░░░░░░░░░░░░░░░░░░░░░░    │
│                                                │
│                                                │
│                                                │
│                                                │
│                                                │
│                                                │
└────────────────────────────────────────────────┘
