---
source: src/component/multi_progress/snapshot_tests.rs
expression: terminal.backend().to_string()
---
┌────────────────────────────────────────────────┐
│                                                │
│                                                │
│                                                │
│                                                │
│                                                │
│                                                │
│                                                │
│                                                │
└────────────────────────────────────────────────┘
