---
source: src/component/multi_progress/snapshot_tests.rs
expression: terminal.backend().to_string()
---
┌Tasks───────────────────────────────────────────┐
│✓ Compile 100% █████████████████████████████    │
│● Lint  75% ████████████████████████░░░░░░░░    │
│✗ Deploy  Error: Timeout                        │
│                                                │
│                                                │
│                                                │
│                                                │
│                                                │
└────────────────────────────────────────────────┘
