---
source: src/component/input_field/tests.rs
expression: terminal.backend().to_string()
---
┌──────────────────────────────────────┐
│Enter text...                         │
│                                      │
│                                      │
│                                      │
│                                      │
│                                      │
│                                      │
│                                      │
└──────────────────────────────────────┘
