---
source: src/component/log_correlation/snapshot_tests.rs
expression: terminal.backend().to_string()
---
┌ Log Correlation ─────────────────────────────────────────────────────────────┐
│┌ API ────────────────────────────────┐┌ DB ─────────────────────────────────┐│
││00:00:01 INF ok                      ││00:00:01 INF ok                      ││
││                                     ││                                     ││
││                                     ││                                     ││
││                                     ││                                     ││
││                                     ││                                     ││
││                                     ││                                     ││
││                                     ││                                     ││
││                                     ││                                     ││
││                                     ││                                     ││
││                                     ││                                     ││
││                                     ││                                     ││
││                                     ││                                     ││
││                                     ││                                     ││
││                                     ││                                     ││
││                                     ││                                     ││
│└─────────────────────────────────────┘└─────────────────────────────────────┘│
└──────────────────────────────────────────────────────────────────────────────┘
 Active: API  Sync: ON
