---
source: src/component/selectable_list/tests.rs
assertion_line: 725
expression: terminal.backend().to_string()
---
┌──────────────────────────────────────┐
│> Apple                               │
│  Apricot                             │
│                                      │
│                                      │
│                                      │
│                                      │
│                                      │
│                                      │
└──────────────────────────────────────┘
