---
source: src/component/selectable_list/tests.rs
expression: terminal.backend().to_string()
---
┌──────────────────────────────────────┐
│> A                                   │
│  B                                   │
│  C                                   │
│                                      │
│                                      │
│                                      │
│                                      │
│                                      │
└──────────────────────────────────────┘
