---
source: src/component/histogram/tests.rs
expression: terminal.backend().to_string()
---
┌──────────────────────────────────────────────────────────┐
│                                                          │
│                                                          │
│                                                          │
│                                                          │
│                                                          │
│                                                          │
│                                                          │
│                                                          │
│                                                          │
│                                                          │
│                                                          │
│                                                          │
│                                                          │
│                                                          │
│                                                          │
│                                                          │
│                                                          │
│ 0    0    0    0    0    0    0    0    0    0           │
└──────────────────────────────────────────────────────────┘
