---
source: src/component/log_viewer/snapshot_tests.rs
assertion_line: 26
expression: terminal.backend().to_string()
---
/ Search...                                                           
1:● Info 2:● Success 3:● Warning 4:● Error                            
┌────────────────────────────────────────────────────────────────────┐
│                                                                    │
│                                                                    │
│                                                                    │
│                                                                    │
│                                                                    │
│                                                                    │
│                                                                    │
│                                                                    │
│                                                                    │
│                                                                    │
│                                                                    │
│                                                                    │
│                                                                    │
│                                                                    │
│                                                                    │
│                                                                    │
└────────────────────────────────────────────────────────────────────┘
