---
source: src/component/progress_bar/tests.rs
expression: terminal.backend().to_string()
---
┌──────────────────────────────────────┐
│█████████████████████████████         │
│█████████████████75% ████████         │
│█████████████████████████████         │
└──────────────────────────────────────┘
