---
source: src/component/progress_bar/tests.rs
assertion_line: 553
expression: terminal.backend().to_string()
---
┌──────────────────────────────────────────────────────────┐
│████████████████████████                                  │
│████████Loading... 42% [5.2 items/sec] ETA: 3m 22s        │
│████████████████████████                                  │
└──────────────────────────────────────────────────────────┘
