---
source: src/component/diagram/snapshot_tests.rs
expression: terminal.backend().to_string()
---
┌──────────────────────────────────────────────────────────────────────────────┐
│                    ┌ B ───────┐                                              │
│                ─ ──│● Healthy │                                              │
│                    └──────────┘                                              │
│┌ A ───────┐    │                                                             │
││● Healthy │    │                                                             │
│└──────────┘·····                                                             │
│                ·                                                             │
│                ·   ┌ C ───────┐                                              │
│                ····│● Healthy │                                              │
│                    └──────────┘                                              │
└──────────────────────────────────────────────────────────────────────────────┘
