---
source: src/component/diagram/snapshot_tests.rs
expression: terminal.backend().to_string()
---
┌──────────────────────────────────────────────────────────┐
│(empty diagram)                                           │
│                                                          │
│                                                          │
│                                                          │
│                                                          │
│                                                          │
│                                                          │
│                                                          │
└──────────────────────────────────────────────────────────┘
