---
source: src/component/diagram/snapshot_tests.rs
expression: terminal.backend().to_string()
---
┌ Linear ──────────────────────────────────────────────────────────────────────┐
│┌ API ─────┐        ┌ Database ┐                                              │
││● Healthy │────────│▲ Degraded│                                              │
│└──────────┘        └──────────┘                                              │
│                                                                              │
│                                                                              │
│                                                                              │
│                                                                              │
│                                                                              │
│                                                                              │
│                                                                              │
└──────────────────────────────────────────────────────────────────────────────┘
