---
source: src/component/diagram/snapshot_tests.rs
expression: terminal.backend().to_string()
---
┌──────────────────────────────────────────────────────────┐
│┌ API ─────┐        ┌ DB ──────┐                          │
││● Healthy │────────│● Healthy │                          │
│└──────────┘        └──────────┘                          │
│                                                          │
│                                                          │
│                                                          │
│                                                          │
│ api API [● Healthy]                                      │
└──────────────────────────────────────────────────────────┘
