---
source: src/component/resource_table/tests.rs
expression: terminal.backend().to_string()
---
┌ Pods ────────────────────────────────────────────────────────────────────────┐
│(no rows)                                                                     │
│                                                                              │
│                                                                              │
│                                                                              │
│                                                                              │
│                                                                              │
│                                                                              │
│                                                                              │
└──────────────────────────────────────────────────────────────────────────────┘
