---
source: src/component/form/snapshot_tests.rs
assertion_line: 114
expression: terminal.backend().to_string()
---
┌ Email ───────────────────────────────────────────────────┐
│user@example.com                                          │
└──────────────────────────────────────────────────────────┘
┌ Name ────────────────────────────────────────────────────┐
│                                                          │
└──────────────────────────────────────────────────────────┘
