---
source: src/component/form/snapshot_tests.rs
assertion_line: 99
expression: terminal.backend().to_string()
---
┌ Name ────────────────────────────────────────────────────┐
│                                                          │
└──────────────────────────────────────────────────────────┘
[ ] I agree                                                 
┌ Color ───────────────────────────────────────────────────┐
│Select...                                                 │
└──────────────────────────────────────────────────────────┘
