---
source: src/component/loading_list/tests/view.rs
assertion_line: 211
expression: terminal.backend().to_string()
---
┌Tasks─────────────────────────────────────────────────────┐
│    Item One                                              │
│    Item Two                                              │
│▸   Item Three                                            │
│                                                          │
│                                                          │
│                                                          │
│                                                          │
│                                                          │
└──────────────────────────────────────────────────────────┘
