---
source: src/component/loading_list/tests/view.rs
assertion_line: 32
expression: terminal.backend().to_string()
---
┌──────────────────────────────────────────────────────────┐
│    Item One                                              │
│▸   Item Two                                              │
│    Item Three                                            │
│                                                          │
│                                                          │
│                                                          │
│                                                          │
│                                                          │
└──────────────────────────────────────────────────────────┘
