---
source: src/component/step_indicator/tests.rs
assertion_line: 710
expression: display
---
┌──────────────────────────────────────────────────────────┐
│○ A ─── ○ B ─── ○ C                                       │
│                                                          │
│                                                          │
└──────────────────────────────────────────────────────────┘
