---
source: src/component/step_indicator/tests.rs
assertion_line: 692
expression: display
---
┌ Pipeline ────────────────────────────────────────────────┐
│✓ Build ─── ● Test                                        │
│                                                          │
│                                                          │
└──────────────────────────────────────────────────────────┘
