---
source: src/component/select/tests.rs
expression: terminal.backend().to_string()
---
┌────────────────────────────┐
│Select... ▼                 │
│                            │
│                            │
│                            │
│                            │
│                            │
│                            │
│                            │
└────────────────────────────┘
