---
source: src/component/split_panel/snapshot_tests.rs
assertion_line: 57
expression: terminal.backend().to_string()
---
┌ Pane 1 ────────────────────────────────────────────────────────────┐
│                                                                    │
│                                                                    │
│                                                                    │
│                                                                    │
│                                                                    │
│                                                                    │
│                                                                    │
│                                                                    │
└────────────────────────────────────────────────────────────────────┘
┌ Pane 2 ────────────────────────────────────────────────────────────┐
│                                                                    │
│                                                                    │
│                                                                    │
│                                                                    │
│                                                                    │
│                                                                    │
│                                                                    │
│                                                                    │
└────────────────────────────────────────────────────────────────────┘
