---
source: src/component/treemap/snapshot_tests.rs
expression: terminal.backend().to_string()
---
           src              docs    te..
                                        
                                        
                                        
                                        
                                        
                                        
Selected: src — 60.0 (60.0%)
