---
source: src/component/treemap/snapshot_tests.rs
expression: terminal.backend().to_string()
---
┌──────────────────────────────────────┐
│                                      │
│                                      │
│                                      │
│                                      │
│                                      │
│                                      │
│                                      │
│                                      │
└──────────────────────────────────────┘
