---
source: src/component/treemap/snapshot_tests.rs
expression: terminal.backend().to_string()
---
┌Values────────────────────────────────┐
│            big              med  sm..│
│           70.0             20.0   10 │
│                                      │
│                                      │
│                                      │
│                                      │
│                                      │
│                                      │
│                                      │
│Selected: big — 70.0 (70.0%)          │
└──────────────────────────────────────┘
