---
source: src/component/treemap/snapshot_tests.rs
expression: terminal.backend().to_string()
---
┌Single──────────────────────┐
│            only            │
│                            │
│                            │
│                            │
│                            │
│Selected: only — 100.0 (10  │
└────────────────────────────┘
