---
source: src/component/treemap/snapshot_tests.rs
expression: terminal.backend().to_string()
---
┌Disabled──────────────────────────────┐
│         a                  b         │
│                                      │
│                                      │
│                                      │
│                                      │
│                                      │
│                                      │
│Selected: a — 50.0 (50.0%)            │
└──────────────────────────────────────┘
