---
source: src/component/terminal_output/tests.rs
expression: terminal.backend().to_string()
---
┌────────────────────────────────────────────────┐
│                                                │
│                                                │
│                                                │
│                                                │
│                                                │
│ 1 lines | Auto-scroll | Ln 2                   │
└────────────────────────────────────────────────┘
