---
source: src/component/title_card/tests.rs
assertion_line: 272
expression: terminal.backend().to_string()
---
┌──────────────────────────────────────┐
│                                      │
│             🚀  My App ✨              │
│                                      │
└──────────────────────────────────────┘
