---
source: src/component/chat_view/snapshot_tests.rs
expression: terminal.backend().to_string()
---
┌──────────────────────────────────────────────────────────┐
│You:                                                      │
│  Hello, world!                                           │
│                                                          │
│                                                          │
│                                                          │
│                                                          │
│                                                          │
│                                                          │
│                                                          │
│                                                          │
│                                                          │
│                                                          │
│                                                          │
└──────────────────────────────────────────────────────────┘
┌──────────────────────────────────────────────────────────┐
│Type a message...                                         │
│                                                          │
│                                                          │
└──────────────────────────────────────────────────────────┘
