---
source: src/component/chat_view/snapshot_tests.rs
expression: terminal.backend().to_string()
---
┌──────────────────────────────────────────────────────────┐
│[12:00] You:                                              │
│  Hello                                                   │
│[12:01] Assistant:                                        │
│  Hi there!                                               │
│                                                          │
│                                                          │
│                                                          │
│                                                          │
│                                                          │
│                                                          │
│                                                          │
│                                                          │
│                                                          │
└──────────────────────────────────────────────────────────┘
┌──────────────────────────────────────────────────────────┐
│Type a message...                                         │
│                                                          │
│                                                          │
└──────────────────────────────────────────────────────────┘
