---
source: src/component/chat_view/snapshot_tests.rs
expression: terminal.backend().to_string()
---
┌──────────────────────────────────────────────────────────┐
│System:                                                   │
│  Welcome to the chat!                                    │
│You:                                                      │
│  Hello                                                   │
│Assistant:                                                │
│  Hi there! How can I help?                               │
│                                                          │
│                                                          │
│                                                          │
│                                                          │
│                                                          │
│                                                          │
│                                                          │
└──────────────────────────────────────────────────────────┘
┌──────────────────────────────────────────────────────────┐
│Type a message...                                         │
│                                                          │
│                                                          │
└──────────────────────────────────────────────────────────┘
