---
source: src/component/command_palette/snapshot_tests.rs
expression: terminal.backend().to_string()
---
                                                            
                                                            
                                                            
            ┌ Command Palette ─────────────────┐            
            │> Type to search...               │            
            ────────────────────────────────────            
            │▸ Open File               Ctrl+O  │            
            │  Save File                 Ctrl+S│            
            │                                  │            
            └──────────────────────────────────┘
