---
source: src/component/code_block/tests.rs
expression: terminal.backend().to_string()
---
┌ main.rs ───────────────────────────────────────┐
│fn main() {                                     │
│    println!("Hello!");                         │
│}                                               │
│                                                │
│                                                │
│                                                │
│                                                │
│                                                │
└────────────────────────────────────────────────┘
