---
source: src/component/code_block/tests.rs
expression: terminal.backend().to_string()
---
┌ Rust ──────────────────────────────────────────┐
│let x = 1;                                      │
│                                                │
│                                                │
│                                                │
│                                                │
│                                                │
│                                                │
│                                                │
└────────────────────────────────────────────────┘
