---
source: src/component/scroll_view/tests.rs
expression: terminal.backend().to_string()
---
┌──────────────────────────────────────┐
│                                      │
│                                      │
│                                      │
│                                      │
│                                      │
│                                      │
│                                      │
│                                      │
└──────────────────────────────────────┘
