---
source: src/component/timeline/snapshot_tests.rs
expression: terminal.backend().to_string()
---
┌Events Only───────────────────────────────────────────────┐
│0.0s             0.3s               0.7s               1.0│
│──────────────────────────────────────────────────────────│
│      ▼                      ▼                      ▼     │
│                                                          │
│                                                          │
│                                                          │
│                                                          │
│                                                          │
│                                                          │
│                                                          │
└──────────────────────────────────────────────────────────┘
