---
source: src/component/scrollable_text/tests.rs
assertion_line: 422
expression: terminal.backend().to_string()
---
┌──────────────────────────────────────┐
│Disabled text                         │
│                                      │
│                                      │
│                                      │
│                                      │
│                                      │
│                                      │
│                                      │
└──────────────────────────────────────┘
