---
source: src/component/scrollable_text/tests.rs
assertion_line: 408
expression: terminal.backend().to_string()
---
┌──────────────────────────────────────┐
│                                      │
│                                      │
│                                      │
│                                      │
│                                      │
│                                      │
│                                      │
│                                      │
└──────────────────────────────────────┘
