---
source: src/component/chart/snapshot_tests.rs
assertion_line: 192
expression: terminal.backend().to_string()
---
┌Multi-Series Scatter──────────────────────────────────────┐
│30│                           ⠁                 ┌────────┐│
│  │                                             │Series A││
│  │                                        ⢀    │Series B││
│  │                                             └────────┘│
│  │                                                       │
│  │             ⢀                          ⢀              │
│  │                                                       │
│  │                                                       │
│  │             ⢀                                        ⢀│
│  │                                                       │
│  │                                                       │
│  │⡀                          ⡀                           │
│  │                                                       │
│  │                                                       │
│5 │⡀                                                      │
│  └───────────────────────────────────────────────────────│
│  0                                                      4│
│                  ● Series A  ○ Series B                  │
└──────────────────────────────────────────────────────────┘
