---
source: src/component/chart/snapshot_tests.rs
expression: terminal.backend().to_string()
---
┌Revenue by Region─────────────────────────────────────────┐
│                                                          │
│  ████████████████████████████                            │
│  ████████████████████████████                            │
│1 100█████████████████████████                            │
│  ████████████████████████████                            │
│  ████████████████████████████                            │
│                                                          │
│  ████████████████████████████████████████████████████████│
│  ████████████████████████████████████████████████████████│
│2 200█████████████████████████████████████████████████████│
│  ████████████████████████████████████████████████████████│
│  ████████████████████████████████████████████████████████│
│                                                          │
│  ██████████████████████████████████████████              │
│  ██████████████████████████████████████████              │
│3 150███████████████████████████████████████              │
│  ██████████████████████████████████████████              │
│  ██████████████████████████████████████████              │
└──────────────────────────────────────────────────────────┘
