---
source: src/component/chart/snapshot_tests.rs
assertion_line: 117
expression: terminal.backend().to_string()
---
┌CPU Usage (Area)──────────────────────────────────────────┐
│72│                                  ⢀⠔⠱⡀            ┌───┐│
│  │                                ⡠⠊⠁  ⠱⡀           │CPU││
│  │                              ⡠⠊      ⠑⡄          └───┘│
│  │                           ⢀⠔⠉         ⠘⡄              │
│  │                          ⢠⠃            ⠈⢆             │
│  │                         ⢠⠃              ⠈⢆            │
│  │                        ⢀⠇                ⠈⢢       ⢀⡠⠤⠒│
│  │                       ⢀⠎                   ⢣ ⣀⡠⠔⠒⠉⠁   │
│  │                      ⢀⠎                     ⠉         │
│  │                      ⡜                                │
│  │                     ⡜                                 │
│  │        ⢀⢄⡀         ⡸                                  │
│  │      ⢀⠔⠁ ⠈⠑⠢⢄     ⡰⠁                                  │
│  │    ⣀⠔⠁       ⠉⠒⠤⣀⡰⠁                                   │
│  │  ⡠⠊              ⠁                                    │
│45│⡠⠊                                                     │
│  └───────────────────────────────────────────────────────│
│  0                                                      6│
└──────────────────────────────────────────────────────────┘
