---
source: src/component/chart/snapshot_tests.rs
assertion_line: 39
expression: terminal.backend().to_string()
---
┌Temperature───────────────────────────────────────────────┐
│    30.0  █                                               │
│          █                                               │
│          ██                                              │
│          ██                                              │
│         ███                                              │
│         ███                                              │
│         ████                                             │
│         ████                                             │
│            █                                             │
│            █                                             │
│           ██                                             │
│           ██                                             │
│         █ ██                                             │
│         █ ██                                             │
│         ████                                             │
│     5.0 ████                                             │
│                  ● Series A  ○ Series B                  │
│                           Time                           │
└──────────────────────────────────────────────────────────┘
