---
source: src/component/chart/snapshot_tests.rs
assertion_line: 24
expression: terminal.backend().to_string()
---
┌──────────────────────────────────────────────────────────┐
│                                                          │
│                                                          │
│                                                          │
│                                                          │
│                                                          │
│                                                          │
│                                                          │
│                                                          │
│                                                          │
│                                                          │
│                                                          │
│                                                          │
│                                                          │
│                                                          │
│                                                          │
│                                                          │
│                                                          │
│                                                          │
└──────────────────────────────────────────────────────────┘
