---
source: src/component/chart/snapshot_tests.rs
expression: terminal.backend().to_string()
---
┌Request Latency (Scatter)─────────────────────────────────┐
│                                                          │
│200│                          ⠈                           │
│   │                                                      │
│   │                                                      │
│   │                                                      │
│   │                                            ⢀         │
│150│                                                      │
│   │                                                      │
│   │        ⢀                                             │
│   │                                                     ⢀│
│   │                                                      │
│100│                                   ⢀                  │
│   │                 ⢀                                    │
│   │                                                      │
│   │                                                      │
│ 50│⡀                                                     │
│   └──────────────────────────────────────────────────────│
│   0                   2            4                    6│
└──────────────────────────────────────────────────────────┘
