---
source: src/component/chart/snapshot_tests.rs
expression: terminal.backend().to_string()
---
┌CPU Usage (Area)──────────────────────────────────────────┐
│                                                          │
│80│                                                       │
│  │                                                       │
│  │                                    ⡀                  │
│  │                                ⢀⡠⠒⠉⠈⢢                 │
│70│                             ⢀⠤⠒⠁     ⠑⢄               │
│  │                          ⢀⠔⠊⠁          ⠱⡀             │
│  │                         ⡠⠊              ⠈⠢⡀           │
│60│                        ⡔⠁                 ⠘⢄ ⢀⣀⣀⠤⠤⠒⠒⠊⠉│
│  │                      ⢠⠊                     ⠉⠁        │
│  │                     ⡔⠁                                │
│  │       ⣀⠤⠒⠤⢄⣀      ⢀⠎                                  │
│50│   ⢀⡠⠒⠉      ⠉⠑⠒⠤⢄⡰⠁                                   │
│  │⡠⠔⠊⠁                                                   │
│  │                                                       │
│40│                                                       │
│  └───────────────────────────────────────────────────────│
│  0                   2            4                     6│
└──────────────────────────────────────────────────────────┘
