---
source: src/component/chart/snapshot_tests.rs
assertion_line: 151
expression: terminal.backend().to_string()
---
┌CPU with Thresholds───────────────────────────────────────┐
│95│⠉⠉⠉⠉⠉⠉⠉⠉⠉⠉⠉⠉⠉⠉⠉⠉⠉⠉⠉⠉⠉⠉⠉⠉⠉⠉⠉⠉⠉⠉⠉⠉⠉⠉⠉⠉⠉⠉⠉⠉⠉⠉⠉⠉⠉⠉⠉⠉⠉⠉⠉⠉⠉⠉⠉│
│  │⠤⠤⠤⠤⠤⠤⠤⠤⠤⠤⠤⠤⠤⠤⠤⠤⠤⠤⠤⠤⠤⠤⠤⠤⠤⠤⠤⠤⠤⠤⠤⠤⠤⠤⠤⠤⠤⠤⠤⠤⠤⠤⠤⠤⠤⠤⠤⠤⠤⠤⠤⠤⠤⠤⠤│
│  │                          ⢀⡠⠊⠁    ⠈⠢⡀                  │
│  │                       ⢀⡠⠒⠁         ⠈⠢⡀             ⢀⠔⠊│
│  │                     ⡠⠒⠁              ⠑⢄         ⢀⡠⠊⠁  │
│  │                    ⡰⠁                  ⠑⢄     ⡠⠒⠁     │
│  │                   ⡜                     ⠈⠢⡀⣀⠔⠉        │
│  │                 ⢀⠎                        ⠈           │
│  │                ⢠⠃                                     │
│  │               ⡰⠁                                      │
│  │              ⡔⠁                                       │
│  │            ⢀⠜                                         │
│  │           ⢠⠊                                          │
│  │         ⣀⠤⠃                                           │
│  │    ⢀⡠⠔⠒⠉                                              │
│45│⣀⠤⠒⠉⠁                                                  │
│  └───────────────────────────────────────────────────────│
│  0                                                      5│
└──────────────────────────────────────────────────────────┘
