---
source: src/component/chart/snapshot_tests.rs
assertion_line: 168
expression: terminal.backend().to_string()
---
┌CPU (0-100 range)─────────────────────────────────────────┐
│100│                                                 ┌───┐│
│   │                                                 │CPU││
│   │                                                 └───┘│
│   │                                                      │
│   │                                               ⣀⣀⡠⠤⠤⠔⠒│
│   │                                      ⣀⡠⠤⠔⠒⠒⠊⠉⠉       │
│   │                                 ⣀⠤⠔⠒⠉                │
│   │        ⢀⣀⣀⡠⠤⠤⠤⠤⢄⣀⣀⣀⣀⣀⣀⡀   ⢀⣀⠤⠒⠊⠉                     │
│   │⠤⠤⠒⠒⠒⠉⠉⠉⠁              ⠈⠉⠉⠉⠁                          │
│   │                                                      │
│   │                                                      │
│   │                                                      │
│   │                                                      │
│   │                                                      │
│   │                                                      │
│0  │                                                      │
│   └──────────────────────────────────────────────────────│
│   0                                                     4│
└──────────────────────────────────────────────────────────┘
