---
source: src/component/chart/snapshot_tests.rs
assertion_line: 133
expression: terminal.backend().to_string()
---
┌Request Latency (Scatter)─────────────────────────────────┐
│200│                          ⠈                  ┌───────┐│
│   │                                             │Latency││
│   │                                             └───────┘│
│   │                                                      │
│   │                                                      │
│   │                                            ⠐         │
│   │                                                      │
│   │                                                      │
│   │        ⠐                                             │
│   │                                                     ⠐│
│   │                                                      │
│   │                                   ⠠                  │
│   │                 ⠠                                    │
│   │                                                      │
│   │                                                      │
│50 │⡀                                                     │
│   └──────────────────────────────────────────────────────│
│   0                                                     6│
└──────────────────────────────────────────────────────────┘
