---
source: src/component/chart/snapshot_tests.rs
expression: terminal.backend().to_string()
---
┌Multi-Series Area─────────────────────────────────────────┐
│                                                          │
│30│                         ⡠⠔⠉⠒⠤⢄⡀                       │
│  │                      ⢀⡠⠊      ⠈⠉⠒⠤⣀⡀                  │
│  │                    ⣀⠔⠁             ⠈⠑⠒⠤⣀             ⣀│
│25│                 ⢀⡠⠊                     ⠑⠢⡀     ⣀⡠⠔⠒⠉ │
│  │               ⢀⠔⠁                         ⠈⣀⠤⠔⠒⠉      │
│  │             ⡠⠊⠁                        ⡠⠔⠊⠉  ⠉⠢⡀      │
│20│          ⢀⠔⠉                        ⢀⠔⠉        ⠈⠑⢄⡀   │
│  │        ⡠⠒⠁                        ⡠⠒⠁             ⠈⠢⣀ │
│15│     ⢀⠔⠊    ⣀⠔⠢⢄⣀               ⢀⠔⠊                   ⠑│
│  │   ⡠⠒⠁    ⡠⠊     ⠉⠒⠢⢄⡀        ⡠⠒⠁                      │
│  │⢀⠤⠊    ⢀⠔⠉           ⠈⠉⠒⠤⢄⡀⢀⠤⠊                         │
│10│⠁    ⡠⠊⠁                  ⠈⠁                           │
│  │  ⢀⠔⠉                                                  │
│ 5│⡠⠒⠁                                                    │
│  └───────────────────────────────────────────────────────│
│  0                1          2          3               4│
│                  ● Series A  ○ Series B                  │
└──────────────────────────────────────────────────────────┘
