---
source: src/component/chart/snapshot_tests.rs
expression: terminal.backend().to_string()
---
┌CPU with Thresholds───────────────────────────────────────┐
│                                                          │
│100│                                                      │
│   │⠉⠉⠉⠉⠉⠉⠉⠉⠉⠉⠉⠉⠉⠉⠉⠉⠉⠉⠉⠉⠉⠉⠉⠉⠉⠉⠉⠉⠉⠉⠉⠉⠉⠉⠉⠉⠉⠉⠉⠉⠉⠉⠉⠉⠉⠉⠉⠉⠉⠉⠉⠉⠉⠉│
│   │⠒⠒⠒⠒⠒⠒⠒⠒⠒⠒⠒⠒⠒⠒⠒⠒⠒⠒⠒⠒⠒⠒⠒⠒⠒⠒⠒⠒⠒⠒⠒⠒⠒⠒⠒⠒⠒⠒⠒⠒⠒⠒⠒⠒⠒⠒⠒⠒⠒⠒⠒⠒⠒⠒│
│   │                        ⣀⠤⠒⠉       ⠑⢄              ⢀⡠⠔│
│   │                    ⢀⠤⠒⠉             ⠉⠢⡀        ⡠⠔⠊⠁  │
│ 80│                   ⡠⠃                  ⠈⠢⢄  ⣀⠤⠒⠉      │
│   │                 ⢀⠎                       ⠑⠉          │
│   │                ⡔⠁                                    │
│   │              ⡠⠊                                      │
│ 60│            ⢀⠜                                        │
│   │           ⡰⠁                                         │
│   │    ⢀⣀⡠⠤⠒⠒⠉                                           │
│   │⠤⠒⠒⠉⠁                                                 │
│ 40│                                                      │
│   └──────────────────────────────────────────────────────│
│   0             1        2        3        4            5│
│              ● CPU  ── Warning  ── Critical              │
└──────────────────────────────────────────────────────────┘
