---
source: src/component/chart/snapshot_tests.rs
expression: terminal.backend().to_string()
---
┌CPU (0-100 range)─────────────────────────────────────────┐
│                                                          │
│100│                                                      │
│   │                                                      │
│   │                                                      │
│ 80│                                                      │
│   │                                          ⣀⣀⣀⡠⠤⠤⠔⠒⠒⠒⠉⠉│
│   │                                   ⢀⣀⠤⠒⠊⠉⠉          ░░│
│ 60│                              ⣀⡠⠤⠒⠉⠁    ░░░░░░░░░░░░░░│
│   │  ⣀⣀⣀⠤⠤⠤⠔⠒⠒⠊⠉⠉⠉⠉⠑⠒⠒⠒⠒⠒⠒⠢⠤⠤⠤⠔⠒⠉    ░░░░░░░░░░░░░░░░░░░░│
│   │⠉⠉        ░░░░░░░░░░         ░░░░░░░░░░░░░░░░░░░░░░░░░│
│ 40│░░░░░░░░░░░░░░░░░░░░░░░░░░░░░░░░░░░░░░░░░░░░░░░░░░░░░░│
│   │░░░░░░░░░░░░░░░░░░░░░░░░░░░░░░░░░░░░░░░░░░░░░░░░░░░░░░│
│   │░░░░░░░░░░░░░░░░░░░░░░░░░░░░░░░░░░░░░░░░░░░░░░░░░░░░░░│
│ 20│░░░░░░░░░░░░░░░░░░░░░░░░░░░░░░░░░░░░░░░░░░░░░░░░░░░░░░│
│   │░░░░░░░░░░░░░░░░░░░░░░░░░░░░░░░░░░░░░░░░░░░░░░░░░░░░░░│
│  0│░░░░░░░░░░░░░░░░░░░░░░░░░░░░░░░░░░░░░░░░░░░░░░░░░░░░░░│
│   └──────────────────────────────────────────────────────│
│   0               1         2         3                 4│
└──────────────────────────────────────────────────────────┘
