---
source: src/component/chart/snapshot_tests.rs
expression: terminal.backend().to_string()
---
┌Quarterly Sales───────────────────────────────────────────┐
│                                                          │
│            ███                                           │
│            ███                                           │
│    ▂▂▂     ███                                           │
│    ███     ███                                           │
│    ███     ███                                           │
│    ███     ███ ▅▅▅                                       │
│    ███     ███ ███                                       │
│    ███     ███ ███                                       │
│    ███ ███ ███ ███                                       │
│    ███ ███ ███ ███                                       │
│▂▂▂ ███ ███ ███ ███                                       │
│███ ███ ███ ███ ███                                       │
│███ ███ ███ ███ ███                                       │
│███ ███ ███ ███ ███                                       │
│███ ███ ███ ███ ███                                       │
│10█ 25█ 15█ 30█ 20█                                       │
│ 1   2   3   4   5                                        │
└──────────────────────────────────────────────────────────┘
