---
source: src/component/chart/snapshot_tests.rs
expression: terminal.backend().to_string()
---
                                                            
30│                         ⣀⠤⠒⠉⠑⠒⠢⠤⢄⣀⡀                     
  │                     ⢀⠤⠒⠉          ⠈⠉⠑⠒⠢⠤⢄⡀             ⣀
  │                 ⢀⡠⠔⠊⠁                    ⠈⠑⠢⢄⡀ ⢀⣀⡠⠤⠒⠒⠉⠉ 
  │              ⡠⠔⠊⠁                        ⣀⠤⠤⠒⠒⠉⠁⣀       
20│          ⢀⠤⠒⠉                        ⢀⠤⠒⠉        ⠉⠒⢄⡀   
  │       ⡠⠔⠊⠁   ⣀                    ⡠⠔⠊⠁              ⠈⠑⠢⢄
  │   ⢀⠤⠒⠉   ⢀⠤⠒⠉ ⠉⠉⠒⠢⠤⢄⣀         ⢀⠤⠒⠉                      
  │⡠⠔⠊⠁   ⡠⠔⠊⠁           ⠉⠉⠒⠢⠤⢄⡠⠔⠊⠁                         
10│   ⢀⠤⠒⠉                                                  
  │⡠⠔⠊⠁                                                     
  │                                                         
 0│                                                         
  └─────────────────────────────────────────────────────────
  0                1          2          3                 4
                   ● Series A  ○ Series B
