---
source: src/component/chart/snapshot_tests.rs
expression: terminal.backend().to_string()
---
┌Multi-Series Scatter──────────────────────────────────────┐
│30│                           ⠁                 ┌────────┐│
│  │                                             │Series A││
│  │                                        ⢀    │Series B││
│25│                                             └────────┘│
│  │                                                       │
│  │             ⢀                          ⢀              │
│20│                                                       │
│  │                                                       │
│  │             ⢀                                        ⢀│
│15│                                                       │
│  │                                                       │
│  │⡀                          ⡀                           │
│10│                                                       │
│  │                                                       │
│5 │⡀                                                      │
│  └───────────────────────────────────────────────────────│
│  0                1          2          3               4│
│                  ● Series A  ○ Series B                  │
└──────────────────────────────────────────────────────────┘
