---
source: src/component/chart/snapshot_tests.rs
expression: terminal.backend().to_string()
---
┌Request Latency (Scatter)─────────────────────────────────┐
│200│                          ⠈                  ┌───────┐│
│   │                                             │Latency││
│180│                                             └───────┘│
│   │                                                      │
│160│                                            ⢀         │
│   │                                                      │
│140│                                                      │
│   │        ⢀                                             │
│120│                                                     ⢀│
│   │                                                      │
│100│                                   ⢀                  │
│   │                 ⢀                                    │
│80 │                                                      │
│   │                                                      │
│60 │⡀                                                     │
│40 │                                                      │
│   └──────────────────────────────────────────────────────│
│   0          1      2      3      4      5              6│
└──────────────────────────────────────────────────────────┘
