---
source: src/component/chart/snapshot_tests.rs
expression: terminal.backend().to_string()
---
┌──────────────────────────────────────────────────────────┐
│70│                                           ⡜⠑⠢⢄┌──────┐│
│  │                                          ⡜    │Memory││
│  │                                         ⡰⠁    └──────┘│
│  │                                        ⢠⠃             │
│  │                                       ⢠⠃              │
│  │                   ⣀⠤⠒⡄               ⢀⠎               │
│  │              ⢀⡠⠤⠒⠉   ⠈⢢              ⡎                │
│  │          ⢀⡠⠔⠊⠁         ⠱⡀           ⡜                 │
│  │         ⡠⠃              ⠈⢆         ⡸                  │
│  │        ⡔⠁                 ⠣⡀      ⢰⠁                  │
│  │      ⢀⠎                    ⠑⢄    ⢠⠃                   │
│  │     ⢠⠃                      ⠈⢢  ⢀⠇                    │
│  │    ⡰⠁                         ⠑⣄⠎                     │
│  │  ⢀⠜                            ⠈                      │
│  │ ⢠⠊                                                    │
│40│⡰⠁                                                     │
│  └───────────────────────────────────────────────────────│
│  0                                                      5│
└──────────────────────────────────────────────────────────┘
