---
source: src/component/chart/snapshot_tests.rs
assertion_line: 52
expression: terminal.backend().to_string()
---
┌CPU Usage─────────────────────────────────────────────────┐
│  █                                                       │
│  █                                                       │
│  █▆                                                      │
│  ██                                                      │
│ ▄██                                                      │
│ ███                                                      │
│ ███▂                                                     │
│ ████                                                     │
│ ████                                                     │
│    █                                                     │
│    █                                                     │
│   ██                                                     │
│   ██                                                     │
│ █ ██                                                     │
│ █ ██                                                     │
│ ████                                                     │
│ ████                                                     │
│                  ● Series A  ○ Series B                  │
└──────────────────────────────────────────────────────────┘
