---
source: src/component/searchable_list/snapshot_tests.rs
assertion_line: 27
expression: terminal.backend().to_string()
---
┌ Filter ──────────────────────────────────────────────────┐
│Type to filter...                                         │
└───────────────────────────────────────────────────── 0/0 ┘
┌──────────────────────────────────────────────────────────┐
│                                                          │
│                                                          │
│                                                          │
│                                                          │
│                                                          │
│                                                          │
│                                                          │
│                                                          │
│                                                          │
│                                                          │
│                                                          │
│                                                          │
│                                                          │
│                                                          │
│                                                          │
└──────────────────────────────────────────────────────────┘
