---
source: src/component/searchable_list/snapshot_tests.rs
expression: terminal.backend().to_string()
---
┌ Filter ──────────────────────────────┐
│Type to filter...                     │
└───────────────────────────────── 5/5 ┘
> Apple                                 
  Banana                                
  Cherry                                
  Date                                  
  Elderberry
