---
source: src/component/multi_progress/tests/workflow.rs
expression: terminal.backend().to_string()
---
┌──────────────────────────────────────────────────────────┐
│● Download  75% ████████████████████████████░░░░░░░░░░    │
│✓ Upload 100% ████████████████████████████████████████    │
│✗ Process  Error: Timeout                                 │
│○ Verify   0% ░░░░░░░░░░░░░░░░░░░░░░░░░░░░░░░░░░░░░░░░    │
│                                                          │
│                                                          │
│                                                          │
│                                                          │
└──────────────────────────────────────────────────────────┘
