---
source: src/component/multi_progress/tests.rs
expression: terminal.backend().to_string()
---
┌Downloads─────────────────────────────────────────────────┐
│                                                          │
│                                                          │
│                                                          │
│                                                          │
│                                                          │
│                                                          │
│                                                          │
│                                                          │
└──────────────────────────────────────────────────────────┘
