---
source: src/component/multi_progress/tests/workflow.rs
expression: terminal.backend().to_string()
---
┌──────────────────────────────────────────────────────────┐
│● Item 1  50% ████████████████████░░░░░░░░░░░░░░░░░░░░    │
│                                                          │
│                                                          │
│                                                          │
│                                                          │
│                                                          │
│                                                          │
│                                                          │
└──────────────────────────────────────────────────────────┘
