---
source: src/component/help_panel/tests.rs
assertion_line: 608
expression: terminal.backend().to_string()
---
┌ Help ────────────────────────────────┐
│ Navigation                           │
│ ──────────                           │
│ Up/k    Move up                      │
│ Down/j  Move down                    │
│ PgUp    Page up                      │
│ PgDn    Page down                    │
│                                      │
│ Actions                              │
│ ───────                              │
│ Enter   Select item                  │
│ Space   Toggle                       │
│ q/Esc   Quit                         │
│                                      │
│                                      │
└──────────────────────────────────────┘
