---
source: src/component/help_panel/tests.rs
assertion_line: 569
expression: terminal.backend().to_string()
---
┌ Help ────────────────────────────────┐
│                                      │
│                                      │
│                                      │
│                                      │
│                                      │
│                                      │
│                                      │
│                                      │
└──────────────────────────────────────┘
