---
source: src/component/file_browser/tests.rs
expression: terminal.backend().to_string()
---
┌──────────────────────────────────────────────────────────┐
│/ / empty                                                 │
│                                                          │
│                                                          │
│                                                          │
│                                                          │
│                                                          │
└──────────────────────────────────────────────────────────┘
