---
source: src/component/alert_panel/snapshot_tests.rs
expression: terminal.backend().to_string()
---
┌CPU Usage───────────────────┐┌Memory──────────────────────┐
│● OK  45.2%                 ││▲ WARN  82.5%               │
│                            ││                            │
│                            ││                            │
│                            ││                            │
└────────────────────────────┘└────────────────────────────┘
┌Disk I/O────────────────────┐┌Error Rate──────────────────┐
│● OK  12.0MB/s              ││✖ CRIT  6.2%                │
│                            ││                            │
│                            ││                            │
│                            ││                            │
└────────────────────────────┘└────────────────────────────┘
