---
source: src/component/alert_panel/snapshot_tests.rs
expression: terminal.backend().to_string()
---
┌ Alerts (1 OK, 1 WARN) ───────────────────────────────────────────────────────┐
│┌CPU──────────────────────────────────┐┌Memory───────────────────────────────┐│
││● OK  65.0%                          ││▲ WARN  81.0%                        ││
││       █                             ││       █                             ││
││      ▄█                             ││      ▄█                             ││
││      ██                             ││      ██                             ││
││     ███                             ││     ███                             ││
││    ▅███                             ││    ▅███                             ││
││   ▁████                             ││   ▁████                             ││
││   █████                             ││   █████                             ││
││  ▆█████                             ││  ▆█████                             ││
││ ▃██████                             ││ ▃██████                             ││
││ ███████                             ││ ███████                             ││
│└─────────────────────────────────────┘└─────────────────────────────────────┘│
└──────────────────────────────────────────────────────────────────────────────┘
