---
source: src/component/alert_panel/snapshot_tests.rs
expression: terminal.backend().to_string()
---
┌ Alerts (1 OK, 1 WARN) ───────────────────────────────────────────────────────┐
│┌CPU──────────────────────────────────┐┌Memory───────────────────────────────┐│
││▲ WARN  75.0%                        ││● OK  50.0%                          ││
││W:70 C:90                            ││W:80 C:95                            ││
││                                     ││                                     ││
││                                     ││                                     ││
││                                     ││                                     ││
││                                     ││                                     ││
││                                     ││                                     ││
││                                     ││                                     ││
││                                     ││                                     ││
││                                     ││                                     ││
││                                     ││                                     ││
│└─────────────────────────────────────┘└─────────────────────────────────────┘│
└──────────────────────────────────────────────────────────────────────────────┘
