---
source: src/component/confirm_dialog/tests.rs
assertion_line: 432
expression: terminal.backend().to_string()
---
                                                            
                                                            
                                                            
                                                            
                                                            
                                                            
                                                            
            ┌ Info ────────────────────────────┐            
            │Operation complete.               │            
            │              ┌────┐              │            
            │              │ OK │              │            
            │              └────┘              │            
            └──────────────────────────────────┘
