---
source: src/component/confirm_dialog/tests.rs
assertion_line: 448
expression: terminal.backend().to_string()
---
                                                            
                                                            
                                                            
                                                            
                                                            
                                                            
                                                            
            ┌ Delete? ─────────────────────────┐            
            │This cannot be undone.            │            
            │         ┌─────┐  ┌────┐          │            
            │         │ Yes │  │ No │          │            
            │         └─────┘  └────┘          │            
            └──────────────────────────────────┘
